<html>
<body>
<pre>
<h1>µVision3 Build Log</h1>
<h2>Project:</h2>
C:\Users\Praktikum\Desktop\V2_Programmvorlagen\Aufgabe4b\Aufgabe4b.uv2
Project File Date:  04/23/2013

<h2>Output:</h2>
Build target 'Target 1'
assembling Aufgabe4b_h.s...
Aufgabe4b_50.s(24): error: A1510E: Immediate 0x0FFF0000 cannot be represented by 0-255 and a rotation
Target not created
Build target 'Target 1'
assembling Aufgabe4b_h.s...
Aufgabe4b_50.s(24): error: A1510E: Immediate 0x0FFF0000 cannot be represented by 0-255 and a rotation
Target not created
Build target 'Target 1'
assembling Aufgabe4b_h.s...
Aufgabe4b_50.s(24): error: A1510E: Immediate 0x000FFF00 cannot be represented by 0-255 and a rotation
Target not created
Build target 'Target 1'
assembling Aufgabe4b_h.s...
Aufgabe4b_50.s(24): error: A1510E: Immediate 0xFFF00000 cannot be represented by 0-255 and a rotation
Target not created
Build target 'Target 1'
assembling Aufgabe4b_h.s...
Aufgabe4b_50.s(24): error: A1510E: Immediate 0x0FFF0000 cannot be represented by 0-255 and a rotation
Target not created
Build target 'Target 1'
assembling Aufgabe4b_h.s...
Aufgabe4b_50.s(24): error: A1510E: Immediate 0x0FFF0000 cannot be represented by 0-255 and a rotation
Target not created
Build target 'Target 1'
assembling Aufgabe4b_h.s...
Aufgabe4b_50.s(24): error: A1510E: Immediate 0x0FFF0000 cannot be represented by 0-255 and a rotation
Target not created
Build target 'Target 1'
assembling Aufgabe4b_h.s...
Aufgabe4b_50.s(24): error: A1510E: Immediate 0x0FFF0000 cannot be represented by 0-255 and a rotation
Target not created
Build target 'Target 1'
assembling Aufgabe4b_h.s...
linking...
Program Size: Code=356 RO-data=0 RW-data=0 ZI-data=0  
FromELF: creating hex file...
"Aufgabe4b.axf" - 0 Error(s), 0 Warning(s).
"C:\ADuC702xV1.3\ADuC702xV1.3\download\ARMWSD.exe" 
"C:\ADuC702xV1.3\ADuC702xV1.3\download\ARMWSD.exe" 
Build target 'Target 1'
linking...
Program Size: Code=356 RO-data=0 RW-data=0 ZI-data=0  
FromELF: creating hex file...
"Aufgabe4b.axf" - 0 Error(s), 0 Warning(s).
Build target 'Target 1'
assembling Aufgabe4b_h.s...
linking...
Program Size: Code=316 RO-data=0 RW-data=0 ZI-data=0  
FromELF: creating hex file...
"Aufgabe4b.axf" - 0 Error(s), 0 Warning(s).
"C:\ADuC702xV1.3\ADuC702xV1.3\download\ARMWSD.exe" 
Build target 'Target 1'
assembling Aufgabe4b_h.s...
linking...
Program Size: Code=320 RO-data=0 RW-data=0 ZI-data=0  
FromELF: creating hex file...
"Aufgabe4b.axf" - 0 Error(s), 0 Warning(s).
"C:\ADuC702xV1.3\ADuC702xV1.3\download\ARMWSD.exe" 
Build target 'Target 1'
assembling Aufgabe4b_h.s...
linking...
Program Size: Code=316 RO-data=0 RW-data=0 ZI-data=0  
FromELF: creating hex file...
"Aufgabe4b.axf" - 0 Error(s), 0 Warning(s).
"C:\ADuC702xV1.3\ADuC702xV1.3\download\ARMWSD.exe" 
Build target 'Target 1'
assembling Aufgabe4b_h.s...
linking...
Program Size: Code=316 RO-data=0 RW-data=0 ZI-data=0  
FromELF: creating hex file...
"Aufgabe4b.axf" - 0 Error(s), 0 Warning(s).
"C:\ADuC702xV1.3\ADuC702xV1.3\download\ARMWSD.exe" 
