<html>
<body>
<pre>
<h1>µVision3 Build Log</h1>
<h2>Project:</h2>
C:\Users\Praktikum\Desktop\V2_Programmvorlagen\Aufgabe5\Aufgabe5.uv2
Project File Date:  04/23/2013

<h2>Output:</h2>
Build target 'Target 1'
assembling Aufgabe5_h.s...
SineGen.s(201): warning: A1313W: Missing END directive at end of file
linking...
Program Size: Code=2552 RO-data=0 RW-data=0 ZI-data=0  
FromELF: creating hex file...
"Aufgabe5.axf" - 0 Error(s), 1 Warning(s).
"C:\ADuC702xV1.3\ADuC702xV1.3\download\ARMWSD.exe" 
Build target 'Target 1'
assembling Aufgabe5_h.s...
SineGen.s(201): warning: A1313W: Missing END directive at end of file
linking...
Program Size: Code=2552 RO-data=0 RW-data=0 ZI-data=0  
FromELF: creating hex file...
"Aufgabe5.axf" - 0 Error(s), 1 Warning(s).
"C:\ADuC702xV1.3\ADuC702xV1.3\download\ARMWSD.exe" 
Build target 'Target 1'
assembling Aufgabe5_h.s...
SineGen.s(201): warning: A1313W: Missing END directive at end of file
linking...
Program Size: Code=2552 RO-data=0 RW-data=0 ZI-data=0  
FromELF: creating hex file...
"Aufgabe5.axf" - 0 Error(s), 1 Warning(s).
"C:\ADuC702xV1.3\ADuC702xV1.3\download\ARMWSD.exe" 
Build target 'Target 1'
assembling Aufgabe5_h.s...
SineGen.s(201): warning: A1313W: Missing END directive at end of file
linking...
Program Size: Code=2552 RO-data=0 RW-data=0 ZI-data=0  
FromELF: creating hex file...
"Aufgabe5.axf" - 0 Error(s), 1 Warning(s).
"C:\ADuC702xV1.3\ADuC702xV1.3\download\ARMWSD.exe" 
Build target 'Target 1'
assembling Aufgabe5_h.s...
SineGen.s(201): warning: A1313W: Missing END directive at end of file
linking...
Program Size: Code=2552 RO-data=0 RW-data=0 ZI-data=0  
FromELF: creating hex file...
"Aufgabe5.axf" - 0 Error(s), 1 Warning(s).
"C:\ADuC702xV1.3\ADuC702xV1.3\download\ARMWSD.exe" 
Build target 'Target 1'
assembling Aufgabe5_h.s...
SineGen.s(201): warning: A1313W: Missing END directive at end of file
linking...
Program Size: Code=2552 RO-data=0 RW-data=0 ZI-data=0  
FromELF: creating hex file...
"Aufgabe5.axf" - 0 Error(s), 1 Warning(s).
"C:\ADuC702xV1.3\ADuC702xV1.3\download\ARMWSD.exe" 
Build target 'Target 1'
assembling Aufgabe5_h.s...
SineGen.s(201): warning: A1313W: Missing END directive at end of file
linking...
Program Size: Code=2552 RO-data=0 RW-data=0 ZI-data=0  
FromELF: creating hex file...
"Aufgabe5.axf" - 0 Error(s), 1 Warning(s).
"C:\ADuC702xV1.3\ADuC702xV1.3\download\ARMWSD.exe" 
Build target 'Target 1'
assembling Aufgabe5_h.s...
SineGen.s(201): warning: A1313W: Missing END directive at end of file
linking...
Program Size: Code=2552 RO-data=0 RW-data=0 ZI-data=0  
FromELF: creating hex file...
"Aufgabe5.axf" - 0 Error(s), 1 Warning(s).
"C:\ADuC702xV1.3\ADuC702xV1.3\download\ARMWSD.exe" 
Build target 'Target 1'
assembling Aufgabe5_h.s...
SineGen.s(201): warning: A1313W: Missing END directive at end of file
linking...
Program Size: Code=2552 RO-data=0 RW-data=0 ZI-data=0  
FromELF: creating hex file...
"Aufgabe5.axf" - 0 Error(s), 1 Warning(s).
"C:\ADuC702xV1.3\ADuC702xV1.3\download\ARMWSD.exe" 
Build target 'Target 1'
assembling Aufgabe5_h.s...
SineGen.s(201): warning: A1313W: Missing END directive at end of file
linking...
Program Size: Code=2552 RO-data=0 RW-data=0 ZI-data=0  
FromELF: creating hex file...
"Aufgabe5.axf" - 0 Error(s), 1 Warning(s).
"C:\ADuC702xV1.3\ADuC702xV1.3\download\ARMWSD.exe" 
Build target 'Target 1'
assembling Aufgabe5_h.s...
SineGen.s(201): warning: A1313W: Missing END directive at end of file
linking...
Program Size: Code=2552 RO-data=0 RW-data=0 ZI-data=0  
FromELF: creating hex file...
"Aufgabe5.axf" - 0 Error(s), 1 Warning(s).
"C:\ADuC702xV1.3\ADuC702xV1.3\download\ARMWSD.exe" 
Build target 'Target 1'
assembling Aufgabe5_h.s...
SineGen.s(201): warning: A1313W: Missing END directive at end of file
linking...
Program Size: Code=2552 RO-data=0 RW-data=0 ZI-data=0  
FromELF: creating hex file...
"Aufgabe5.axf" - 0 Error(s), 1 Warning(s).
"C:\ADuC702xV1.3\ADuC702xV1.3\download\ARMWSD.exe" 
Build target 'Target 1'
assembling Aufgabe5_h.s...
SineGen.s(201): warning: A1313W: Missing END directive at end of file
linking...
Program Size: Code=2552 RO-data=0 RW-data=0 ZI-data=0  
FromELF: creating hex file...
"Aufgabe5.axf" - 0 Error(s), 1 Warning(s).
"C:\ADuC702xV1.3\ADuC702xV1.3\download\ARMWSD.exe" 
Build target 'Target 1'
assembling Aufgabe5_h.s...
SineGen.s(201): warning: A1313W: Missing END directive at end of file
linking...
Program Size: Code=2552 RO-data=0 RW-data=0 ZI-data=0  
FromELF: creating hex file...
"Aufgabe5.axf" - 0 Error(s), 1 Warning(s).
"C:\ADuC702xV1.3\ADuC702xV1.3\download\ARMWSD.exe" 
Build target 'Target 1'
assembling Aufgabe5_h.s...
SineGen.s(201): warning: A1313W: Missing END directive at end of file
linking...
Program Size: Code=2552 RO-data=0 RW-data=0 ZI-data=0  
FromELF: creating hex file...
"Aufgabe5.axf" - 0 Error(s), 1 Warning(s).
"C:\ADuC702xV1.3\ADuC702xV1.3\download\ARMWSD.exe" 
Build target 'Target 1'
assembling Aufgabe5_h.s...
SineGen.s(201): warning: A1313W: Missing END directive at end of file
linking...
Program Size: Code=2552 RO-data=0 RW-data=0 ZI-data=0  
FromELF: creating hex file...
"Aufgabe5.axf" - 0 Error(s), 1 Warning(s).
"C:\ADuC702xV1.3\ADuC702xV1.3\download\ARMWSD.exe" 
