ARM Linker, RVCT4.0 [Build 524] for uVision [Evaluation]

==============================================================================

Section Cross References



==============================================================================

Image Symbol Table

    Local Symbols

    Symbol Name                              Value     Ov Type        Size  Object(Section)

    Aufgabe5_h.s                             0x00000000   Number         0  aufgabe5_h.o ABSOLUTE
    exercise5_h                              0x00080000   Section     2552  aufgabe5_h.o(exercise5_h)

    Global Symbols

    Symbol Name                              Value     Ov Type        Size  Object(Section)

    BuildAttributes$$THM_ISAv1$ARM_ISAv4$S$PE$A:L22$X:L11$S22$IEEE1$IW$USESV6$~STKCKD$USESV7$~SHL$OSPACE$EBA8$STANDARDLIB$PRES8$EABIv2 0x00000000   Number         0  anon$$obj.o ABSOLUTE



==============================================================================

Memory Map of the image

  Image Entry point : 0x00080000

  Load Region LR_1 (Base: 0x00080000, Size: 0x000009f8, Max: 0xffffffff, ABSOLUTE)

    Execution Region ER_RO (Base: 0x00080000, Size: 0x000009f8, Max: 0xffffffff, ABSOLUTE)

    Base Addr    Size         Type   Attr      Idx    E Section Name        Object

    0x00080000   0x000009f8   Code   RO            1  * exercise5_h         aufgabe5_h.o


    Execution Region ER_RW (Base: 0x00010000, Size: 0x00000000, Max: 0xffffffff, ABSOLUTE)

    **** No section assigned to this execution region ****


    Execution Region ER_ZI (Base: 0x00010000, Size: 0x00000000, Max: 0xffffffff, ABSOLUTE)

    **** No section assigned to this execution region ****


==============================================================================

Image component sizes


      Code (inc. data)   RO Data    RW Data    ZI Data      Debug   Object Name

      2552       2372          0          0          0        268   aufgabe5_h.o

    ----------------------------------------------------------------------
      2552       2372          0          0          0        268   Object Totals
         0          0          0          0          0          0   (incl. Generated)
         0          0          0          0          0          0   (incl. Padding)

    ----------------------------------------------------------------------
         0          0          0          0          0          0   Library Totals
         0          0          0          0          0          0   (incl. Padding)

    ----------------------------------------------------------------------

==============================================================================


      Code (inc. data)   RO Data    RW Data    ZI Data      Debug   

      2552       2372          0          0          0        268   Grand Totals
      2552       2372          0          0          0        268   ELF Image Totals
      2552       2372          0          0          0          0   ROM Totals

==============================================================================

    Total RO  Size (Code + RO Data)                 2552 (   2.49kB)
    Total RW  Size (RW Data + ZI Data)                 0 (   0.00kB)
    Total ROM Size (Code + RO Data + RW Data)       2552 (   2.49kB)

==============================================================================

